
> inkverse@0.1.0 build
> next build

Ôû▓ Next.js 16.2.4 (Turbopack)
- Environments: .env.local, .env
- Experiments (use with caution):
  ┬À optimizePackageImports

node.exe : ÔÜá The "middleware" file convention is deprecated. Please use "proxy" instead. Learn more: 
https://nextjs.org/docs/messages/middleware-to-proxy
En línea: 1 Carácter: 1
+ & "C:\Program Files\nodejs/node.exe" "C:\Users\migue\AppData\Roaming\ ...
+ ~~~~~~~~~~~~~~~~~~~~~~~~~~~~~~~~~~~~~~~~~~~~~~~~~~~~~~~~~~~~~~~~~~~~~
    + CategoryInfo          : NotSpecified: (ÔÜá The "middle...leware-to-proxy:String) [], RemoteException
    + FullyQualifiedErrorId : NativeCommandError
 
  Creating an optimized production build ...
Turbopack build encountered 1 warnings:
./next.config.ts
Encountered unexpected file in NFT list
A file was traced that indicates that the whole project was traced unintentionally. Somewhere in the import trace 
below, there are:
- filesystem operations (like path.join, path.resolve or fs.readFile), or
- very dynamic requires (like require('./' + foo)).
To resolve this, you can
- remove them if possible, or
- only use them in development, or
- make sure they are statically scoped to some subfolder: path.join(process.cwd(), 'data', bar), or
- add ignore comments: path.join(/*turbopackIgnore: true*/ process.cwd(), bar)

Import trace:
  App Route:
    ./next.config.ts
    ./src/app/api/upload/route.ts



> Build error occurred
Error: Turbopack build failed with 5 errors:
./src/lib/redis.ts:13:24
A Node.js API is used (process.emit at line: 13) which is not supported in the Edge Runtime.
    Learn more: https://nextjs.org/docs/api-reference/edge-runtime
  [90m11 |[0m [90m// Suppress ioredis unhandled error warnings globally in development[0m
  [90m12 |[0m [36mif[0m (isDevelopment) {
[31m[1m>[0m [90m13 |[0m   [36mconst[0m originalEmit = process.emit;
  [90m   |[0m                        [31m[1m^^^^^^^^^^^^[0m
  [90m14 |[0m   process.emit = [36mfunction[0m(event: string | symbol, ...args: unknown[]): boolean {
  [90m15 |[0m     [90m// Suppress ioredis unhandled error event warnings[0m
  [90m16 |[0m     [36mif[0m (event === [32m'warning'[0m && args[[35m0[0m] [36minstanceof[0m [33mError[0m) {

Ecmascript file had an error

Import traces:
  #1 [App Route]:
    ./src/lib/redis.ts
    ./src/app/api/upload/route.ts

  #2 [App Route]:
    ./src/lib/redis.ts
    ./src/app/api/auth/reset-password/route.ts

  #3 [Edge Middleware]:
    ./src/lib/redis.ts
    ./src/middleware.ts


./src/lib/redis.ts:14:3
A Node.js API is used (process.emit at line: 14) which is not supported in the Edge Runtime.
    Learn more: https://nextjs.org/docs/api-reference/edge-runtime
  [90m12 |[0m [36mif[0m (isDevelopment) {
  [90m13 |[0m   [36mconst[0m originalEmit = process.emit;
[31m[1m>[0m [90m14 |[0m   process.emit = [36mfunction[0m(event: string | symbol, ...args: unknown[]): boolean {
  [90m   |[0m   [31m[1m^^^^^^^^^^^^[0m
  [90m15 |[0m     [90m// Suppress ioredis unhandled error event warnings[0m
  [90m16 |[0m     [36mif[0m (event === [32m'warning'[0m && args[[35m0[0m] [36minstanceof[0m [33mError[0m) {
  [90m17 |[0m       [36mconst[0m warning = args[[35m0[0m] [36mas[0m [33mError[0m;

Ecmascript file had an error

Import traces:
  #1 [App Route]:
    ./src/lib/redis.ts
    ./src/app/api/upload/route.ts

  #2 [App Route]:
    ./src/lib/redis.ts
    ./src/app/api/auth/reset-password/route.ts

  #3 [Edge Middleware]:
    ./src/lib/redis.ts
    ./src/middleware.ts


./src/app/api/notifications/push/route.ts:3:1
Export authOptions doesn't exist in target module
  [90m1 |[0m [36mimport[0m { [33mNextRequest[0m, [33mNextResponse[0m } [36mfrom[0m [32m'next/server'[0m;
  [90m2 |[0m [36mimport[0m { getServerSession } [36mfrom[0m [32m'next-auth'[0m;
[31m[1m>[0m [90m3 |[0m [36mimport[0m { authOptions } [36mfrom[0m [32m'@/lib/auth'[0m;
  [90m  |[0m [31m[1m^^^^^^^^^^^^^^^^^^^^^^^^^^^^^^^^^^^^^^^^^[0m
  [90m4 |[0m [36mimport[0m { savePushSubscription, deletePushSubscription } [36mfrom[0m 
[32m'@/lib/push-notifications'[0m;
  [90m5 |[0m
  [90m6 |[0m /**

The export authOptions was not found in module [project]/src/lib/auth.ts [app-route] (ecmascript).
Did you mean to import auth?
All exports of the module are statically known (It doesn't have dynamic exports). So it's known statically that the 
requested export doesn't exist.

Import trace:
  App Route:
    ./src/app/api/notifications/push/route.ts
    ./src/app/api/upload/route.ts


./src/app/api/notifications/[id]/route.ts:3:1
Export deleteNotification doesn't exist in target module
  [90m1 |[0m [36mimport[0m { [33mNextRequest[0m, [33mNextResponse[0m } [36mfrom[0m [32m'next/server'[0m;
  [90m2 |[0m [36mimport[0m { auth } [36mfrom[0m [32m'@/lib/auth'[0m;
[31m[1m>[0m [90m3 |[0m [36mimport[0m { deleteNotification } [36mfrom[0m [32m'@/lib/notifications'[0m;
  [90m  |[0m [31m[1m^^^^^^^^^^^^^^^^^^^^^^^^^^^^^^^^^^^^^^^^^^^^^^^^^^^^^^^^^[0m
  [90m4 |[0m
  [90m5 |[0m [90m// DELETE /api/notifications/[id] - Delete a notification[0m
  [90m6 |[0m [36mexport[0m [36masync[0m [36mfunction[0m [33mDELETE[0m(

The export deleteNotification was not found in module [project]/src/lib/notifications.ts [app-route] (ecmascript).
Did you mean to import sendPushNotification?
All exports of the module are statically known (It doesn't have dynamic exports). So it's known statically that the 
requested export doesn't exist.

Import trace:
  App Route:
    ./src/app/api/notifications/[id]/route.ts
    ./src/app/api/upload/route.ts


./src/app/api/notifications/push/route.ts:2:1
Export getServerSession doesn't exist in target module
  [90m1 |[0m [36mimport[0m { [33mNextRequest[0m, [33mNextResponse[0m } [36mfrom[0m [32m'next/server'[0m;
[31m[1m>[0m [90m2 |[0m [36mimport[0m { getServerSession } [36mfrom[0m [32m'next-auth'[0m;
  [90m  |[0m [31m[1m^^^^^^^^^^^^^^^^^^^^^^^^^^^^^^^^^^^^^^^^^^^^^[0m
  [90m3 |[0m [36mimport[0m { authOptions } [36mfrom[0m [32m'@/lib/auth'[0m;
  [90m4 |[0m [36mimport[0m { savePushSubscription, deletePushSubscription } [36mfrom[0m 
[32m'@/lib/push-notifications'[0m;
  [90m5 |[0m

The export getServerSession was not found in module [project]/node_modules/next-auth/index.js [app-route] (ecmascript).
Did you mean to import CredentialsSignin?
All exports of the module are statically known (It doesn't have dynamic exports). So it's known statically that the 
requested export doesn't exist.

Import trace:
  App Route:
    ./src/app/api/notifications/push/route.ts
    ./src/app/api/upload/route.ts


    at <unknown> (./src/lib/redis.ts:13:24)
    at <unknown> (./src/lib/redis.ts:14:3)
    at <unknown> (./src/app/api/notifications/push/route.ts:3:1)
    at <unknown> (./src/app/api/notifications/[id]/route.ts:3:1)
    at <unknown> (./src/app/api/notifications/push/route.ts:2:1)
